// Jest Snapshot v1, https://goo.gl/fbAQLP

exports[`BlackHolesV1Factory factory bytecode size 1`] = `5053`;
